// Jest Snapshot v1, https://goo.gl/fbAQLP

exports[`ContextualLinks renders correctly 1`] = `
<div
  className="contextual-links"
>
  <div
    className="contextual-links__section"
  >
    先决条件
  </div>
  <div
    className="contextual-links__link"
  >
    <a
      className="dynamic-link__external"
      href="https://www.postman.com/downloads/"
    >
      下载并安装
    </a>
  </div>
  <div
    className="contextual-links__subtitle"
  >
    相关博客文章
  </div>
  <div
    className="contextual-links__link"
  >
    <a
      className="dynamic-link__internal"
      href="/"
    >
      home
    </a>
  </div>
</div>
`;
